../Core/Src/main.c:152:6:PWM	64	static
../Core/Src/main.c:183:6:map	24	static
../Core/Src/main.c:193:5:main	88	static
../Core/Src/main.c:824:6:SystemClock_Config	88	static
../Core/Src/main.c:878:13:MX_I2C2_Init	8	static
../Core/Src/main.c:912:13:MX_TIM2_Init	64	static
../Core/Src/main.c:971:13:MX_TIM3_Init	64	static
../Core/Src/main.c:1034:13:MX_TIM10_Init	8	static
../Core/Src/main.c:1065:13:MX_TIM11_Init	40	static
../Core/Src/main.c:1111:13:MX_TIM13_Init	40	static
../Core/Src/main.c:1157:13:MX_UART4_Init	8	static
../Core/Src/main.c:1190:13:MX_GPIO_Init	48	static
../Core/Src/main.c:1250:6:StartDefaultTask	16	static
../Core/Src/main.c:1268:6:StartTask02	16	static
../Core/Src/main.c:1283:6:Error_Handler	4	static,ignoring_inline_asm
